../Core/Src/main.c:120:6:set_and_go_to_next_state	16	static
../Core/Src/main.c:126:6:parse_and_execute_cmd	48	static
../Core/Src/main.c:202:6:reset_cmd	16	static
../Core/Src/main.c:217:6:run_motor	8	static
../Core/Src/main.c:245:5:main	8	static
../Core/Src/main.c:344:6:SystemClock_Config	112	static
../Core/Src/main.c:392:13:MX_TIM2_Init	48	static
../Core/Src/main.c:451:13:MX_USART2_UART_Init	8	static
../Core/Src/main.c:486:13:MX_GPIO_Init	48	static
../Core/Src/main.c:520:6:enable_drv8876	16	static
../Core/Src/main.c:525:6:set_motor_direction	16	static
../Core/Src/main.c:530:6:pwm_set_duty_cicle	32	static
../Core/Src/main.c:538:6:pwm_set_period	24	static
../Core/Src/main.c:544:6:HAL_UART_RxCpltCallback	16	static
../Core/Src/main.c:573:1:__io_putchar	16	static
../Core/Src/main.c:588:6:Error_Handler	8	static,ignoring_inline_asm
